{"authorisedScriptsSTCS":"aaaa","compilationConfig":"NoTracing","mintingPoliciesNonceList":[1,2,3],"stakingValidatorsNonceList":[1,2]}