{"authorisedScriptsSTCS":"00000000000000000000000000000000000000000000000000000000","certifyingValidatorsNonceList":[6],"mintingPoliciesNonceList":[3,4,5],"proposingValidatorsNonceList":[9,10,11],"stakingValidatorsNonceList":[1,2],"votingValidatorsNonceList":[7,8]}